#1 [internal] load local bake definitions
#1 reading from stdin 865B done
#1 DONE 0.0s

#2 [frontend internal] load build definition from Dockerfile
#2 transferring dockerfile: 187B done
#2 DONE 0.0s

#3 [backend internal] load build definition from Dockerfile
#3 transferring dockerfile: 172B done
#3 DONE 0.0s

#4 [frontend internal] load metadata for docker.io/library/node:20-alpine
#4 DONE 0.2s

#5 [backend internal] load metadata for docker.io/library/node:18-alpine
#5 DONE 0.2s

#6 [frontend internal] load .dockerignore
#6 transferring context: 2B done
#6 DONE 0.0s

#7 [frontend 1/5] FROM docker.io/library/node:20-alpine@sha256:6178e78b972f79c335df281f4b7674a2d85071aae2af020ffa39f0a770265435
#7 DONE 0.0s

#8 [backend internal] load .dockerignore
#8 transferring context: 2B done
#8 DONE 0.0s

#9 [frontend internal] load build context
#9 transferring context: 2B done
#9 DONE 0.0s

#10 [frontend 2/5] WORKDIR /usr/src/app
#10 CACHED

#11 [frontend 4/5] RUN npm install
#11 CACHED

#12 [frontend 3/5] COPY frontend/package*.json ./
#12 CACHED

#13 [frontend 5/5] COPY frontend/ .
#13 ERROR: failed to calculate checksum of ref b2af2692-d6d9-4939-aff8-bf279321dceb::142rmr8y0elyvqr6l8bsahfcy: "/frontend": not found

#14 [backend 1/5] FROM docker.io/library/node:18-alpine@sha256:8d6421d663b4c28fd3ebc498332f249011d118945588d0a35cb9bc4b8ca09d9e
#14 DONE 0.0s

#15 [backend internal] load build context
#15 transferring context: 66.32kB 0.1s done
#15 CANCELED
------
 > [frontend 5/5] COPY frontend/ .:
------
